// Jest Snapshot v1, https://goo.gl/fbAQLP

exports[`test App render App should match snapshoot 1`] = `
<div
  className="App"
/>
`;
