// Jest Snapshot v1, https://goo.gl/fbAQLP

exports[`test App render App should match snapshoot 1`] = `
<div
  className="App"
>
  <div
    className="container"
  >
    <header
      className="header"
    >
      <nav
        className="custom-navbar navbar navbar-expand-sm navbar-light"
      >
        <a
          className="navbar-brand"
          href="/"
        >
          <img
            alt="circle"
            className="logo"
            src="logo-fotor-bg-remover-2023051812511.png"
          />
        </a>
        <button
          aria-controls="responsive-navbar-nav"
          aria-label="Toggle navigation"
          className="navbar-toggler collapsed"
          onClick={[Function]}
          style={
            Object {
              "fontSize": "2rem",
              "padding": "0.5rem",
            }
          }
          type="button"
        >
          <span
            className="navbar-toggler-icon"
          />
        </button>
        <div
          aria-expanded={null}
          className="navbar-collapse collapse"
          id="responsive-navbar-nav"
        >
          <div
            className="mr-auto navbar-nav"
            onKeyDown={[Function]}
          />
          <div
            className="navbar-nav"
            onKeyDown={[Function]}
          >
            <a
              className="nav-link white "
              href="/login"
              onClick={[Function]}
              style={
                Object {
                  "fontSize": "1.3rem",
                  "fontWeight": "550",
                }
              }
            >
              SIGN IN
            </a>
            <a
              className="nav-link"
              href="/register"
              onClick={[Function]}
              style={
                Object {
                  "fontSize": "1.3rem",
                  "fontWeight": "500",
                }
              }
            >
              <span
                className="btn-menu"
              >
                SIGN UP
              </span>
            </a>
          </div>
        </div>
      </nav>
      <div
        className="header-content mt-5"
      >
        <h1
          className="header-content__title"
        >
          Finding house anywhere
        </h1>
        <p
          className="header-content__desc"
        >
          The best offers for you at any point of your journey. where ever you are, feel yourself like at your own home.
        </p>
        <p>
          <a
            className="btn btn-oval"
            href="/register"
            onClick={[Function]}
          >
            Hire Now
          </a>
        </p>
      </div>
    </header>
    <section
      className="about-section feature-section"
    >
      <div
        className="mt-2 row"
      >
        <div
          className="col-sm-6"
        >
          <img
            alt="home"
            className="img-fluid"
            src="WhatsApp Image 2023-05-16 at 3.38.19 PM.jpeg"
          />
        </div>
        <div
          className="pt-5 col-sm-6"
        >
          <h4
            className="about-section__left-title pt-5"
          >
            Only best place for your rest
          </h4>
          <p
            className="about-section__desc"
          >
            More than hundreds of house at your disposal. Only the best and checked with owners. We will find best place for you and conditions for a safe and comfortable place.
          </p>
          <p>
            <a
              className="btn btn-oval"
              href="#link"
            >
              Learn more
            </a>
          </p>
        </div>
      </div>
    </section>
    <section
      className="about-section footer"
    >
      <h2
        className="about-section__primary"
      >
        <a
          className="nav-link white"
          href="/"
          onClick={[Function]}
        >
          <img
            alt="Home"
            className="logo"
            src="logoC.jpeg"
          />
        </a>
      </h2>
      <p>
        Lafayette Ave 156, Brooklyn,NY,USA
        <br />
        35 Sl Andrews St, Cambridge CB2 3AR, Great Britain
      </p>
      +347 863106 681
      <div
        className="social-icons"
      >
        <a
          aria-label="Facebook"
          href="https://facebook.com"
        >
          <svg
            aria-hidden="true"
            className="svg-inline--fa fa-facebook-f "
            data-icon="facebook-f"
            data-prefix="fab"
            focusable="false"
            role="img"
            style={Object {}}
            viewBox="0 0 320 512"
            xmlns="http://www.w3.org/2000/svg"
          >
            <path
              d="M279.14 288l14.22-92.66h-88.91v-60.13c0-25.35 12.42-50.06 52.24-50.06h40.42V6.26S260.43 0 225.36 0c-73.22 0-121.08 44.38-121.08 124.72v70.62H22.89V288h81.39v224h100.17V288z"
              fill="currentColor"
              style={Object {}}
            />
          </svg>
        </a>
        <a
          aria-label="Twitter"
          href="https://twitter.com"
        >
          <svg
            aria-hidden="true"
            className="svg-inline--fa fa-twitter "
            data-icon="twitter"
            data-prefix="fab"
            focusable="false"
            role="img"
            style={Object {}}
            viewBox="0 0 512 512"
            xmlns="http://www.w3.org/2000/svg"
          >
            <path
              d="M459.37 151.716c.325 4.548.325 9.097.325 13.645 0 138.72-105.583 298.558-298.558 298.558-59.452 0-114.68-17.219-161.137-47.106 8.447.974 16.568 1.299 25.34 1.299 49.055 0 94.213-16.568 130.274-44.832-46.132-.975-84.792-31.188-98.112-72.772 6.498.974 12.995 1.624 19.818 1.624 9.421 0 18.843-1.3 27.614-3.573-48.081-9.747-84.143-51.98-84.143-102.985v-1.299c13.969 7.797 30.214 12.67 47.431 13.319-28.264-18.843-46.781-51.005-46.781-87.391 0-19.492 5.197-37.36 14.294-52.954 51.655 63.675 129.3 105.258 216.365 109.807-1.624-7.797-2.599-15.918-2.599-24.04 0-57.828 46.782-104.934 104.934-104.934 30.213 0 57.502 12.67 76.67 33.137 23.715-4.548 46.456-13.32 66.599-25.34-7.798 24.366-24.366 44.833-46.132 57.827 21.117-2.273 41.584-8.122 60.426-16.243-14.292 20.791-32.161 39.308-52.628 54.253z"
              fill="currentColor"
              style={Object {}}
            />
          </svg>
        </a>
        <a
          aria-label="Instagram"
          href="https://instagram.com"
        >
          <svg
            aria-hidden="true"
            className="svg-inline--fa fa-instagram "
            data-icon="instagram"
            data-prefix="fab"
            focusable="false"
            role="img"
            style={Object {}}
            viewBox="0 0 448 512"
            xmlns="http://www.w3.org/2000/svg"
          >
            <path
              d="M224.1 141c-63.6 0-114.9 51.3-114.9 114.9s51.3 114.9 114.9 114.9S339 319.5 339 255.9 287.7 141 224.1 141zm0 189.6c-41.1 0-74.7-33.5-74.7-74.7s33.5-74.7 74.7-74.7 74.7 33.5 74.7 74.7-33.6 74.7-74.7 74.7zm146.4-194.3c0 14.9-12 26.8-26.8 26.8-14.9 0-26.8-12-26.8-26.8s12-26.8 26.8-26.8 26.8 12 26.8 26.8zm76.1 27.2c-1.7-35.9-9.9-67.7-36.2-93.9-26.2-26.2-58-34.4-93.9-36.2-37-2.1-147.9-2.1-184.9 0-35.8 1.7-67.6 9.9-93.9 36.1s-34.4 58-36.2 93.9c-2.1 37-2.1 147.9 0 184.9 1.7 35.9 9.9 67.7 36.2 93.9s58 34.4 93.9 36.2c37 2.1 147.9 2.1 184.9 0 35.9-1.7 67.7-9.9 93.9-36.2 26.2-26.2 34.4-58 36.2-93.9 2.1-37 2.1-147.8 0-184.8zM398.8 388c-7.8 19.6-22.9 34.7-42.6 42.6-29.5 11.7-99.5 9-132.1 9s-102.7 2.6-132.1-9c-19.6-7.8-34.7-22.9-42.6-42.6-11.7-29.5-9-99.5-9-132.1s-2.6-102.7 9-132.1c7.8-19.6 22.9-34.7 42.6-42.6 29.5-11.7 99.5-9 132.1-9s102.7-2.6 132.1 9c19.6 7.8 34.7 22.9 42.6 42.6 11.7 29.5 9 99.5 9 132.1s2.7 102.7-9 132.1z"
              fill="currentColor"
              style={Object {}}
            />
          </svg>
        </a>
      </div>
      <p>
        Circle
         
        2023
        . All rights reserved
      </p>
    </section>
  </div>
</div>
`;
